<?xml version="1.0" encoding="UTF-8"?>
<testsuites name="Mocha Tests" time="10.018" tests="6" failures="6">
  <testsuite name="Root Suite" timestamp="2022-12-22T09:38:32" tests="0" time="0.000" failures="0">
  </testsuite>
  <testsuite name="Sample Test" timestamp="2022-12-22T09:38:32" tests="6" file="/mnt/c/Users/Isadora/siged/2021-2-SiGeD-Patrimonio/tests/api.test.js" time="10.011" failures="6">
    <testcase name="Sample Test App is defined" time="0.001" classname="App is defined">
      <failure message="expect is not defined" type="ReferenceError"><![CDATA[ReferenceError: expect is not defined
    at Context.<anonymous> (tests/api.test.js:14:5)
    at processImmediate (node:internal/timers:464:21)]]></failure>
    </testcase>
    <testcase name="Sample Test Post patrimony" time="2.002" classname="Post patrimony">
      <failure message="Timeout of 2000ms exceeded. For async tests and hooks, ensure &quot;done()&quot; is called; if returning a Promise, ensure it resolves. (/mnt/c/Users/Isadora/siged/2021-2-SiGeD-Patrimonio/tests/api.test.js)" type="Error"><![CDATA[Error: Timeout of 2000ms exceeded. For async tests and hooks, ensure "done()" is called; if returning a Promise, ensure it resolves. (/mnt/c/Users/Isadora/siged/2021-2-SiGeD-Patrimonio/tests/api.test.js)
    at listOnTimeout (node:internal/timers:557:17)
    at processTimers (node:internal/timers:500:7)]]></failure>
    </testcase>
    <testcase name="Sample Test Post user error" time="2.001" classname="Post user error">
      <failure message="Timeout of 2000ms exceeded. For async tests and hooks, ensure &quot;done()&quot; is called; if returning a Promise, ensure it resolves. (/mnt/c/Users/Isadora/siged/2021-2-SiGeD-Patrimonio/tests/api.test.js)" type="Error"><![CDATA[Error: Timeout of 2000ms exceeded. For async tests and hooks, ensure "done()" is called; if returning a Promise, ensure it resolves. (/mnt/c/Users/Isadora/siged/2021-2-SiGeD-Patrimonio/tests/api.test.js)
    at listOnTimeout (node:internal/timers:557:17)
    at processTimers (node:internal/timers:500:7)]]></failure>
    </testcase>
    <testcase name="Sample Test Get patrimony" time="2.001" classname="Get patrimony">
      <failure message="Timeout of 2000ms exceeded. For async tests and hooks, ensure &quot;done()&quot; is called; if returning a Promise, ensure it resolves. (/mnt/c/Users/Isadora/siged/2021-2-SiGeD-Patrimonio/tests/api.test.js)" type="Error"><![CDATA[Error: Timeout of 2000ms exceeded. For async tests and hooks, ensure "done()" is called; if returning a Promise, ensure it resolves. (/mnt/c/Users/Isadora/siged/2021-2-SiGeD-Patrimonio/tests/api.test.js)
    at listOnTimeout (node:internal/timers:557:17)
    at processTimers (node:internal/timers:500:7)]]></failure>
    </testcase>
    <testcase name="Sample Test Get patrimony with id" time="2.000" classname="Get patrimony with id">
      <failure message="Timeout of 2000ms exceeded. For async tests and hooks, ensure &quot;done()&quot; is called; if returning a Promise, ensure it resolves. (/mnt/c/Users/Isadora/siged/2021-2-SiGeD-Patrimonio/tests/api.test.js)" type="Error"><![CDATA[Error: Timeout of 2000ms exceeded. For async tests and hooks, ensure "done()" is called; if returning a Promise, ensure it resolves. (/mnt/c/Users/Isadora/siged/2021-2-SiGeD-Patrimonio/tests/api.test.js)
    at listOnTimeout (node:internal/timers:557:17)
    at processTimers (node:internal/timers:500:7)]]></failure>
    </testcase>
    <testcase name="Sample Test Get patrimony id error" time="2.001" classname="Get patrimony id error">
      <failure message="Timeout of 2000ms exceeded. For async tests and hooks, ensure &quot;done()&quot; is called; if returning a Promise, ensure it resolves. (/mnt/c/Users/Isadora/siged/2021-2-SiGeD-Patrimonio/tests/api.test.js)" type="Error"><![CDATA[Error: Timeout of 2000ms exceeded. For async tests and hooks, ensure "done()" is called; if returning a Promise, ensure it resolves. (/mnt/c/Users/Isadora/siged/2021-2-SiGeD-Patrimonio/tests/api.test.js)
    at listOnTimeout (node:internal/timers:557:17)
    at processTimers (node:internal/timers:500:7)]]></failure>
    </testcase>
  </testsuite>
</testsuites>